{
  "version": "1.5.0",
  "plugins_used": [
    {
      "name": "ArtifactoryDetector"
    },
    {
      "name": "AWSKeyDetector"
    },
    {
      "name": "AzureStorageKeyDetector"
    },
    {
      "name": "Base64HighEntropyString",
      "limit": 4.5
    },
    {
      "name": "BasicAuthDetector"
    },
    {
      "name": "CloudantDetector"
    },
    {
      "name": "DiscordBotTokenDetector"
    },
    {
      "name": "GitHubTokenDetector"
    },
    {
      "name": "GitLabTokenDetector"
    },
    {
      "name": "HexHighEntropyString",
      "limit": 3.0
    },
    {
      "name": "IbmCloudIamDetector"
    },
    {
      "name": "IbmCosHmacDetector"
    },
    {
      "name": "IPPublicDetector"
    },
    {
      "name": "JwtTokenDetector"
    },
    {
      "name": "KeywordDetector",
      "keyword_exclude": ""
    },
    {
      "name": "MailchimpDetector"
    },
    {
      "name": "NpmDetector"
    },
    {
      "name": "OpenAIDetector"
    },
    {
      "name": "PrivateKeyDetector"
    },
    {
      "name": "PypiTokenDetector"
    },
    {
      "name": "SendGridDetector"
    },
    {
      "name": "SlackDetector"
    },
    {
      "name": "SoftlayerDetector"
    },
    {
      "name": "SquareOAuthDetector"
    },
    {
      "name": "StripeDetector"
    },
    {
      "name": "TelegramBotTokenDetector"
    },
    {
      "name": "TwilioKeyDetector"
    }
  ],
  "filters_used": [
    {
      "path": "detect_secrets.filters.allowlist.is_line_allowlisted"
    },
    {
      "path": "detect_secrets.filters.common.is_baseline_file",
      "filename": ".secrets.baseline"
    },
    {
      "path": "detect_secrets.filters.common.is_ignored_due_to_verification_policies",
      "min_level": 2
    },
    {
      "path": "detect_secrets.filters.heuristic.is_indirect_reference"
    },
    {
      "path": "detect_secrets.filters.heuristic.is_likely_id_string"
    },
    {
      "path": "detect_secrets.filters.heuristic.is_lock_file"
    },
    {
      "path": "detect_secrets.filters.heuristic.is_not_alphanumeric_string"
    },
    {
      "path": "detect_secrets.filters.heuristic.is_potential_uuid"
    },
    {
      "path": "detect_secrets.filters.heuristic.is_prefixed_with_dollar_sign"
    },
    {
      "path": "detect_secrets.filters.heuristic.is_sequential_string"
    },
    {
      "path": "detect_secrets.filters.heuristic.is_swagger_file"
    },
    {
      "path": "detect_secrets.filters.heuristic.is_templated_secret"
    },
    {
      "path": "detect_secrets.filters.regex.should_exclude_file",
      "pattern": [
        "(^|[\\/])(\\.git|\\.pytest[^\\/]*|__pycache__|[^\\/]+\\.egg-info|build)([\\/]|$)|(^|[\\/])LICENSE$"
      ]
    }
  ],
  "results": {
    "docs\\SOS.md": [
      {
        "type": "Secret Keyword",
        "filename": "docs\\SOS.md",
        "hashed_secret": "85ee31172723ceb24d527c9c8d52cdc87de21f97",
        "is_verified": false,
        "line_number": 87
      }
    ],
    "examples\\evidence\\generated\\manifest.json": [
      {
        "type": "Hex High Entropy String",
        "filename": "examples\\evidence\\generated\\manifest.json",
        "hashed_secret": "de4161581ccad159697888774cbd539665c8dc5d",
        "is_verified": false,
        "line_number": 4
      },
      {
        "type": "Hex High Entropy String",
        "filename": "examples\\evidence\\generated\\manifest.json",
        "hashed_secret": "62585d5cd21e637b02a9064f0887e218401509f6",
        "is_verified": false,
        "line_number": 9
      },
      {
        "type": "Hex High Entropy String",
        "filename": "examples\\evidence\\generated\\manifest.json",
        "hashed_secret": "5bd31804d13f9c48c932a6113f69e2de0171d342",
        "is_verified": false,
        "line_number": 10
      },
      {
        "type": "Hex High Entropy String",
        "filename": "examples\\evidence\\generated\\manifest.json",
        "hashed_secret": "c420af7258545c3cd14082e6ff50ba0cf7596d84",
        "is_verified": false,
        "line_number": 11
      },
      {
        "type": "Hex High Entropy String",
        "filename": "examples\\evidence\\generated\\manifest.json",
        "hashed_secret": "041614456a1691c15d23a6bd565b0b213981bdb1",
        "is_verified": false,
        "line_number": 12
      },
      {
        "type": "Hex High Entropy String",
        "filename": "examples\\evidence\\generated\\manifest.json",
        "hashed_secret": "b7216a5e5d678b625f1b256fbfea025adb388737",
        "is_verified": false,
        "line_number": 13
      },
      {
        "type": "Hex High Entropy String",
        "filename": "examples\\evidence\\generated\\manifest.json",
        "hashed_secret": "4ebcdb5926143b0d00d4564dc662cab15be9a319",
        "is_verified": false,
        "line_number": 14
      },
      {
        "type": "Hex High Entropy String",
        "filename": "examples\\evidence\\generated\\manifest.json",
        "hashed_secret": "3913e7df3710a28f4d79926e7930bd771dc90dee",
        "is_verified": false,
        "line_number": 15
      },
      {
        "type": "Hex High Entropy String",
        "filename": "examples\\evidence\\generated\\manifest.json",
        "hashed_secret": "fef37567545b5df30a427aa895d7740826fcfe87",
        "is_verified": false,
        "line_number": 16
      },
      {
        "type": "Hex High Entropy String",
        "filename": "examples\\evidence\\generated\\manifest.json",
        "hashed_secret": "32bbe7d7b84ffc70dc062f2372c690ae928de9f4",
        "is_verified": false,
        "line_number": 17
      }
    ],
    "src\\carter\\evidence\\manifest.json": [
      {
        "type": "Hex High Entropy String",
        "filename": "src\\carter\\evidence\\manifest.json",
        "hashed_secret": "de4161581ccad159697888774cbd539665c8dc5d",
        "is_verified": false,
        "line_number": 4
      },
      {
        "type": "Hex High Entropy String",
        "filename": "src\\carter\\evidence\\manifest.json",
        "hashed_secret": "62585d5cd21e637b02a9064f0887e218401509f6",
        "is_verified": false,
        "line_number": 9
      },
      {
        "type": "Hex High Entropy String",
        "filename": "src\\carter\\evidence\\manifest.json",
        "hashed_secret": "5bd31804d13f9c48c932a6113f69e2de0171d342",
        "is_verified": false,
        "line_number": 10
      },
      {
        "type": "Hex High Entropy String",
        "filename": "src\\carter\\evidence\\manifest.json",
        "hashed_secret": "c420af7258545c3cd14082e6ff50ba0cf7596d84",
        "is_verified": false,
        "line_number": 11
      },
      {
        "type": "Hex High Entropy String",
        "filename": "src\\carter\\evidence\\manifest.json",
        "hashed_secret": "041614456a1691c15d23a6bd565b0b213981bdb1",
        "is_verified": false,
        "line_number": 12
      },
      {
        "type": "Hex High Entropy String",
        "filename": "src\\carter\\evidence\\manifest.json",
        "hashed_secret": "b7216a5e5d678b625f1b256fbfea025adb388737",
        "is_verified": false,
        "line_number": 13
      },
      {
        "type": "Hex High Entropy String",
        "filename": "src\\carter\\evidence\\manifest.json",
        "hashed_secret": "4ebcdb5926143b0d00d4564dc662cab15be9a319",
        "is_verified": false,
        "line_number": 14
      },
      {
        "type": "Hex High Entropy String",
        "filename": "src\\carter\\evidence\\manifest.json",
        "hashed_secret": "3913e7df3710a28f4d79926e7930bd771dc90dee",
        "is_verified": false,
        "line_number": 15
      },
      {
        "type": "Hex High Entropy String",
        "filename": "src\\carter\\evidence\\manifest.json",
        "hashed_secret": "fef37567545b5df30a427aa895d7740826fcfe87",
        "is_verified": false,
        "line_number": 16
      },
      {
        "type": "Hex High Entropy String",
        "filename": "src\\carter\\evidence\\manifest.json",
        "hashed_secret": "32bbe7d7b84ffc70dc062f2372c690ae928de9f4",
        "is_verified": false,
        "line_number": 17
      }
    ],
    "src\\shared\\config.py": [
      {
        "type": "Secret Keyword",
        "filename": "src\\shared\\config.py",
        "hashed_secret": "3d01476289dfe66b9ee591bb9feed0c6ebade259",
        "is_verified": false,
        "line_number": 119
      }
    ],
    "tests\\integration\\test_eas_workflow.py": [
      {
        "type": "Secret Keyword",
        "filename": "tests\\integration\\test_eas_workflow.py",
        "hashed_secret": "87de4f4a0ce7323ed6318b5c1b0f8870136c63b0",
        "is_verified": false,
        "line_number": 178
      }
    ],
    "tests\\integration\\test_sis_workflow.py": [
      {
        "type": "Secret Keyword",
        "filename": "tests\\integration\\test_sis_workflow.py",
        "hashed_secret": "87de4f4a0ce7323ed6318b5c1b0f8870136c63b0",
        "is_verified": false,
        "line_number": 132
      }
    ],
    "tests\\integration\\test_web.py": [
      {
        "type": "Secret Keyword",
        "filename": "tests\\integration\\test_web.py",
        "hashed_secret": "3d01476289dfe66b9ee591bb9feed0c6ebade259",
        "is_verified": false,
        "line_number": 327
      }
    ],
    "tests\\unit\\test_config.py": [
      {
        "type": "Secret Keyword",
        "filename": "tests\\unit\\test_config.py",
        "hashed_secret": "681498dd7d31fe1822cc37a559f92d8cff0522e4",
        "is_verified": false,
        "line_number": 30
      },
      {
        "type": "Basic Auth Credentials",
        "filename": "tests\\unit\\test_config.py",
        "hashed_secret": "5baa61e4c9b93f3f0682250b6cf8331b7ee68fd8",
        "is_verified": false,
        "line_number": 84
      }
    ],
    "tests\\unit\\test_eas.py": [
      {
        "type": "Secret Keyword",
        "filename": "tests\\unit\\test_eas.py",
        "hashed_secret": "87de4f4a0ce7323ed6318b5c1b0f8870136c63b0",
        "is_verified": false,
        "line_number": 90
      }
    ],
    "tests\\unit\\test_providers.py": [
      {
        "type": "Secret Keyword",
        "filename": "tests\\unit\\test_providers.py",
        "hashed_secret": "9f8e7fa0b65cb06ddb80c128c87ce079159c5e24",
        "is_verified": false,
        "line_number": 129
      }
    ],
    "tests\\unit\\test_sos_governance.py": [
      {
        "type": "Secret Keyword",
        "filename": "tests\\unit\\test_sos_governance.py",
        "hashed_secret": "a019538bb5209cd01799041bfc25f51122ec7e79",
        "is_verified": false,
        "line_number": 112
      }
    ]
  },
  "generated_at": "2026-07-26T02:27:13Z"
}
